// AuthorsTable.ts :
/**
 * DO NOT EDIT:
 *
 * This file has been auto-generated from database schema using ts-sql-codegen.
 * Any changes will be overwritten.
 */
import { Table } from "ts-sql-query/Table";
import type { DBConnection } from "../helpers/connection-source";
import {
    InsertableValues,
    UpdatableValues,
    SelectedValues,
} from "ts-sql-query/extras/types";

export class AuthorsTable extends Table<DBConnection, 'AuthorsTable'> {
    id = this.primaryKey('id', 'int');
    name = this.optionalColumn('name', 'string');
    dob = this.optionalColumn('dob', 'localDate');
    createdAt = this.columnWithDefaultValue('created_at', 'localDateTime');
    updatedAt = this.columnWithDefaultValue('updated_at', 'localDateTime');

    constructor() {
        super('authors');
    }
}


export interface Authors extends SelectedValues<AuthorsTable> {}
export interface InsertableAuthors extends InsertableValues<AuthorsTable> {}
export interface UpdatableAuthors extends UpdatableValues<AuthorsTable> {}
